{
  "Noise": null,
  "Act": {
    "trial": 0,
    "cycle": 1,
    "unit": 0,
    "go": 0.0,
    "cpp": 1.4938075020211162e-26,
    "delta": -1.4938075020211162e-26
  },
  "Ge": {
    "trial": 0,
    "cycle": 16,
    "unit": 2,
    "go": 0.1531766653060913,
    "cpp": 0.15317665040493011,
    "delta": 1.4901161193847656e-08
  },
  "Gi": {
    "trial": 0,
    "cycle": 2,
    "unit": 0,
    "go": 0.0,
    "cpp": 4.326731812930166e-27,
    "delta": -4.326731812930166e-27
  },
  "Vm": {
    "trial": 0,
    "cycle": 19,
    "unit": 12,
    "go": 0.48574838042259216,
    "cpp": 0.4857483506202698,
    "delta": 2.9802322387695312e-08
  },
  "KFast": {
    "trial": 0,
    "cycle": 1,
    "unit": 0,
    "go": 0.0,
    "cpp": 5.975230152529211e-29,
    "delta": -5.975230152529211e-29
  },
  "KMed": {
    "trial": 0,
    "cycle": 1,
    "unit": 0,
    "go": 0.0,
    "cpp": 2.3900921512896505e-29,
    "delta": -2.3900921512896505e-29
  },
  "KSlow": {
    "trial": 0,
    "cycle": 1,
    "unit": 0,
    "go": 0.0,
    "cpp": 1.1950460756448252e-29,
    "delta": -1.1950460756448252e-29
  }
}
first_over_01 {'trial': 63, 'max': 0.17845717072486877, 'cycle': 572, 'first_cycle_over_01': 223}
